Copyright 1986-2022 Xilinx, Inc. All Rights Reserved. Copyright 2022-2025 Advanced Micro Devices, Inc. All Rights Reserved.
---------------------------------------------------------------------------------------------------------------------------------------------
| Tool Version : Vivado v.2025.2 (win64) Build 6299465 Fri Nov 14 19:35:11 GMT 2025
| Date         : Wed Mar 18 11:42:50 2026
| Host         : DESKTOP-DI504CJ running 64-bit major release  (build 9200)
| Command      : report_control_sets -verbose -file space_invader_top_control_sets_placed.rpt
| Design       : space_invader_top
| Device       : xc7a35t
---------------------------------------------------------------------------------------------------------------------------------------------

Control Set Information

Table of Contents
-----------------
1. Summary
2. Histogram
3. Flip-Flop Distribution
4. Detailed Control Set Information

1. Summary
----------

+----------------------------------------------------------+-------+
|                          Status                          | Count |
+----------------------------------------------------------+-------+
| Total control sets                                       |    22 |
|    Minimum number of control sets                        |    22 |
|    Addition due to synthesis replication                 |     0 |
|    Addition due to physical synthesis replication        |     0 |
| Unused register locations in slices containing registers |    81 |
+----------------------------------------------------------+-------+
* Control sets can be merged at opt_design using control_set_merge or merge_equivalent_drivers
** Run report_qor_suggestions for automated merging and remapping suggestions


2. Histogram
------------

+--------------------+-------+
|       Fanout       | Count |
+--------------------+-------+
| Total control sets |    22 |
| >= 0 to < 4        |     3 |
| >= 4 to < 6        |     6 |
| >= 6 to < 8        |     2 |
| >= 8 to < 10       |     4 |
| >= 10 to < 12      |     0 |
| >= 12 to < 14      |     0 |
| >= 14 to < 16      |     1 |
| >= 16              |     6 |
+--------------------+-------+
* Control sets can be remapped at either synth_design or opt_design


3. Flip-Flop Distribution
-------------------------

+--------------+-----------------------+------------------------+-----------------+--------------+
| Clock Enable | Synchronous Set/Reset | Asynchronous Set/Reset | Total Registers | Total Slices |
+--------------+-----------------------+------------------------+-----------------+--------------+
| No           | No                    | No                     |              19 |           14 |
| No           | No                    | Yes                    |               0 |            0 |
| No           | Yes                   | No                     |             109 |           44 |
| Yes          | No                    | No                     |              15 |            8 |
| Yes          | No                    | Yes                    |               0 |            0 |
| Yes          | Yes                   | No                     |             208 |           75 |
+--------------+-----------------------+------------------------+-----------------+--------------+


4. Detailed Control Set Information
-----------------------------------

+----------------+------------------------------------+------------------------------------+------------------+----------------+--------------+
|  Clock Signal  |            Enable Signal           |          Set/Reset Signal          | Slice Load Count | Bel Load Count | Bels / Slice |
+----------------+------------------------------------+------------------------------------+------------------+----------------+--------------+
|  clk_IBUF_BUFG | vt0/vs0/pixel_tick                 |                                    |                2 |              2 |         1.00 |
|  cd3/clk_div   |                                    |                                    |                2 |              2 |         1.00 |
|  clk_1_BUFG    |                                    |                                    |                1 |              3 |         3.00 |
|  clk_1_BUFG    | isc0/FSM_onehot_state[3]_i_2_n_0   | gc0/FSM_onehot_state_reg[1]_0      |                1 |              4 |         4.00 |
|  clk_IBUF_BUFG | vt0/vs0/v_count_reg0               |                                    |                3 |              4 |         1.33 |
|  clk_IBUF_BUFG | gc0/FSM_onehot_state[3]_i_2__0_n_0 | gc0/FSM_onehot_state[3]_i_1__0_n_0 |                3 |              4 |         1.33 |
|  cd3/clk_div   | pl0/s0/shot_y[8]_i_2_n_0           | pl0/s0/shot_y[9]_i_1_n_0           |                1 |              4 |         4.00 |
|  cd3/clk_div   | pl0/s0/shot_y[8]_i_2_n_0           | pl0/s0/shot_y[8]_i_1_n_0           |                2 |              4 |         2.00 |
|  clk_1_BUFG    | isc0/v_count[4]_i_1_n_0            | gc0/FSM_onehot_state_reg[1]_0      |                1 |              5 |         5.00 |
|  clk_IBUF_BUFG | pl0/s0/E[0]                        | gc0/FSM_onehot_state_reg[1]_0      |                2 |              6 |         3.00 |
|  clk_IBUF_BUFG | vt0/vs0/v_count_reg0               | vt0/vs0/v_count_next[0]            |                5 |              7 |         1.40 |
|  clk_1_BUFG    | isc0/h_count[0]                    | gc0/FSM_onehot_state_reg[1]_0      |                2 |              8 |         4.00 |
|  clk_IBUF_BUFG | vt0/vs0/pixel_tick                 | vt0/vs0/v_count_reg0               |                6 |              9 |         1.50 |
|  clk_IBUF_BUFG | pl0/ship_x[0]                      | gc0/FSM_onehot_state_reg[1]_0      |                5 |              9 |         1.80 |
|  cd3/clk_div   | pl0/s0/shot_x[10]_i_1_n_0          |                                    |                3 |              9 |         3.00 |
|  clk_IBUF_BUFG |                                    |                                    |               11 |             14 |         1.27 |
|  clk_IBUF_BUFG | sel                                | clk_rst_IBUF                       |                7 |             27 |         3.86 |
|  clk_IBUF_BUFG |                                    | cd1/count[0]_i_1__0_n_0            |                8 |             32 |         4.00 |
|  clk_IBUF_BUFG |                                    | cd3/count[0]_i_1__1_n_0            |                8 |             32 |         4.00 |
|  clk_1_BUFG    | isc0/is0/shift_right_reg           | gc0/FSM_onehot_state_reg[1]_0      |                9 |             33 |         3.67 |
|  clk_IBUF_BUFG |                                    | gc0/FSM_onehot_state_reg[1]_0      |               28 |             45 |         1.61 |
|  clk_1_BUFG    | isc0/is0/shift_left_reg            | gc0/FSM_onehot_state_reg[1]_0      |               31 |             88 |         2.84 |
+----------------+------------------------------------+------------------------------------+------------------+----------------+--------------+


