../Src/cajero.c:38:6:input_reset	16	static
../Src/cajero.c:45:9:input_to_amount	16	static
../Src/cajero.c:54:8:find_account	32	static
../Src/cajero.c:65:6:amount_to_str	64	static
../Src/cajero.c:92:13:show_welcome	8	static
../Src/cajero.c:97:13:show_enter_acct	32	static
../Src/cajero.c:109:13:show_menu	8	static
../Src/cajero.c:114:13:show_enter_amount	40	static
../Src/cajero.c:127:13:show_result	16	static
../Src/cajero.c:137:6:cajero_init	8	static
../Src/cajero.c:147:13:start_enter_acct	8	static
../Src/cajero.c:154:13:go_to_menu	8	static
../Src/cajero.c:162:13:logout	8	static
../Src/cajero.c:174:6:cajero_handle_key	88	static
../Src/cajero.c:335:6:cajero_btn_saldo	32	static
../Src/cajero.c:348:6:cajero_btn_deposit	8	static
../Src/cajero.c:356:6:cajero_btn_retiro	8	static
../Src/cajero.c:367:6:cajero_tick_1s	8	static
