Archive member included to satisfy reference by file (symbol)

C:/ST/STM32CubeIDE_1.16.1/STM32CubeIDE/plugins/com.st.stm32cube.ide.mcu.externaltools.gnu-tools-for-stm32.12.3.rel1.win32_1.0.200.202406191623/tools/bin/../lib/gcc/arm-none-eabi/12.3.1/../../../../arm-none-eabi/lib/thumb/v6-m/nofp\libc_nano.a(libc_a-exit.o)
                              C:/ST/STM32CubeIDE_1.16.1/STM32CubeIDE/plugins/com.st.stm32cube.ide.mcu.externaltools.gnu-tools-for-stm32.12.3.rel1.win32_1.0.200.202406191623/tools/bin/../lib/gcc/arm-none-eabi/12.3.1/../../../../arm-none-eabi/lib/thumb/v6-m/nofp/crt0.o (exit)
C:/ST/STM32CubeIDE_1.16.1/STM32CubeIDE/plugins/com.st.stm32cube.ide.mcu.externaltools.gnu-tools-for-stm32.12.3.rel1.win32_1.0.200.202406191623/tools/bin/../lib/gcc/arm-none-eabi/12.3.1/../../../../arm-none-eabi/lib/thumb/v6-m/nofp\libc_nano.a(libc_a-findfp.o)
                              C:/ST/STM32CubeIDE_1.16.1/STM32CubeIDE/plugins/com.st.stm32cube.ide.mcu.externaltools.gnu-tools-for-stm32.12.3.rel1.win32_1.0.200.202406191623/tools/bin/../lib/gcc/arm-none-eabi/12.3.1/../../../../arm-none-eabi/lib/thumb/v6-m/nofp\libc_nano.a(libc_a-exit.o) (__stdio_exit_handler)
C:/ST/STM32CubeIDE_1.16.1/STM32CubeIDE/plugins/com.st.stm32cube.ide.mcu.externaltools.gnu-tools-for-stm32.12.3.rel1.win32_1.0.200.202406191623/tools/bin/../lib/gcc/arm-none-eabi/12.3.1/../../../../arm-none-eabi/lib/thumb/v6-m/nofp\libc_nano.a(libc_a-fwalk.o)
                              C:/ST/STM32CubeIDE_1.16.1/STM32CubeIDE/plugins/com.st.stm32cube.ide.mcu.externaltools.gnu-tools-for-stm32.12.3.rel1.win32_1.0.200.202406191623/tools/bin/../lib/gcc/arm-none-eabi/12.3.1/../../../../arm-none-eabi/lib/thumb/v6-m/nofp\libc_nano.a(libc_a-findfp.o) (_fwalk_sglue)
C:/ST/STM32CubeIDE_1.16.1/STM32CubeIDE/plugins/com.st.stm32cube.ide.mcu.externaltools.gnu-tools-for-stm32.12.3.rel1.win32_1.0.200.202406191623/tools/bin/../lib/gcc/arm-none-eabi/12.3.1/../../../../arm-none-eabi/lib/thumb/v6-m/nofp\libc_nano.a(libc_a-stdio.o)
                              C:/ST/STM32CubeIDE_1.16.1/STM32CubeIDE/plugins/com.st.stm32cube.ide.mcu.externaltools.gnu-tools-for-stm32.12.3.rel1.win32_1.0.200.202406191623/tools/bin/../lib/gcc/arm-none-eabi/12.3.1/../../../../arm-none-eabi/lib/thumb/v6-m/nofp\libc_nano.a(libc_a-findfp.o) (__sread)
C:/ST/STM32CubeIDE_1.16.1/STM32CubeIDE/plugins/com.st.stm32cube.ide.mcu.externaltools.gnu-tools-for-stm32.12.3.rel1.win32_1.0.200.202406191623/tools/bin/../lib/gcc/arm-none-eabi/12.3.1/../../../../arm-none-eabi/lib/thumb/v6-m/nofp\libc_nano.a(libc_a-memset.o)
                              C:/ST/STM32CubeIDE_1.16.1/STM32CubeIDE/plugins/com.st.stm32cube.ide.mcu.externaltools.gnu-tools-for-stm32.12.3.rel1.win32_1.0.200.202406191623/tools/bin/../lib/gcc/arm-none-eabi/12.3.1/../../../../arm-none-eabi/lib/thumb/v6-m/nofp/crt0.o (memset)
C:/ST/STM32CubeIDE_1.16.1/STM32CubeIDE/plugins/com.st.stm32cube.ide.mcu.externaltools.gnu-tools-for-stm32.12.3.rel1.win32_1.0.200.202406191623/tools/bin/../lib/gcc/arm-none-eabi/12.3.1/../../../../arm-none-eabi/lib/thumb/v6-m/nofp\libc_nano.a(libc_a-strncmp.o)
                              ./Src/cajero.o (strncmp)
C:/ST/STM32CubeIDE_1.16.1/STM32CubeIDE/plugins/com.st.stm32cube.ide.mcu.externaltools.gnu-tools-for-stm32.12.3.rel1.win32_1.0.200.202406191623/tools/bin/../lib/gcc/arm-none-eabi/12.3.1/../../../../arm-none-eabi/lib/thumb/v6-m/nofp\libc_nano.a(libc_a-closer.o)
                              C:/ST/STM32CubeIDE_1.16.1/STM32CubeIDE/plugins/com.st.stm32cube.ide.mcu.externaltools.gnu-tools-for-stm32.12.3.rel1.win32_1.0.200.202406191623/tools/bin/../lib/gcc/arm-none-eabi/12.3.1/../../../../arm-none-eabi/lib/thumb/v6-m/nofp\libc_nano.a(libc_a-stdio.o) (_close_r)
C:/ST/STM32CubeIDE_1.16.1/STM32CubeIDE/plugins/com.st.stm32cube.ide.mcu.externaltools.gnu-tools-for-stm32.12.3.rel1.win32_1.0.200.202406191623/tools/bin/../lib/gcc/arm-none-eabi/12.3.1/../../../../arm-none-eabi/lib/thumb/v6-m/nofp\libc_nano.a(libc_a-reent.o)
                              C:/ST/STM32CubeIDE_1.16.1/STM32CubeIDE/plugins/com.st.stm32cube.ide.mcu.externaltools.gnu-tools-for-stm32.12.3.rel1.win32_1.0.200.202406191623/tools/bin/../lib/gcc/arm-none-eabi/12.3.1/../../../../arm-none-eabi/lib/thumb/v6-m/nofp\libc_nano.a(libc_a-closer.o) (errno)
C:/ST/STM32CubeIDE_1.16.1/STM32CubeIDE/plugins/com.st.stm32cube.ide.mcu.externaltools.gnu-tools-for-stm32.12.3.rel1.win32_1.0.200.202406191623/tools/bin/../lib/gcc/arm-none-eabi/12.3.1/../../../../arm-none-eabi/lib/thumb/v6-m/nofp\libc_nano.a(libc_a-impure.o)
                              C:/ST/STM32CubeIDE_1.16.1/STM32CubeIDE/plugins/com.st.stm32cube.ide.mcu.externaltools.gnu-tools-for-stm32.12.3.rel1.win32_1.0.200.202406191623/tools/bin/../lib/gcc/arm-none-eabi/12.3.1/../../../../arm-none-eabi/lib/thumb/v6-m/nofp\libc_nano.a(libc_a-reent.o) (_impure_ptr)
[...]
Memory Configuration

Name             Origin             Length             Attributes
RAM              0x20000000         0x00002000         xrw
FLASH            0x08000000         0x00010000         xr
*default*        0x00000000         0xffffffff

Linker script and memory map

LOAD C:/ST/STM32CubeIDE_1.16.1/STM32CubeIDE/plugins/com.st.stm32cube.ide.mcu.externaltools.gnu-tools-for-stm32.12.3.rel1.win32_1.0.200.202406191623/tools/bin/../lib/gcc/arm-none-eabi/12.3.1/thumb/v6-m/nofp/crti.o
LOAD C:/ST/STM32CubeIDE_1.16.1/STM32CubeIDE/plugins/com.st.stm32cube.ide.mcu.externaltools.gnu-tools-for-stm32.12.3.rel1.win32_1.0.200.202406191623/tools/bin/../lib/gcc/arm-none-eabi/12.3.1/thumb/v6-m/nofp/crtbegin.o
LOAD C:/ST/STM32CubeIDE_1.16.1/STM32CubeIDE/plugins/com.st.stm32cube.ide.mcu.externaltools.gnu-tools-for-stm32.12.3.rel1.win32_1.0.200.202406191623/tools/bin/../lib/gcc/arm-none-eabi/12.3.1/../../../../arm-none-eabi/lib/thumb/v6-m/nofp/crt0.o
LOAD ./Src/cajero.o
LOAD ./Src/keypad.o
LOAD ./Src/lcd.o
LOAD ./Src/main.o
LOAD ./Src/syscalls.o
LOAD ./Src/sysmem.o
LOAD ./Src/uart.o
LOAD ./Startup/startup_stm32l053r8tx.o
START GROUP
LOAD C:/ST/STM32CubeIDE_1.16.1/STM32CubeIDE/plugins/com.st.stm32cube.ide.mcu.externaltools.gnu-tools-for-stm32.12.3.rel1.win32_1.0.200.202406191623/tools/bin/../lib/gcc/arm-none-eabi/12.3.1/../../../../arm-none-eabi/lib/thumb/v6-m/nofp\libc_nano.a
LOAD C:/ST/STM32CubeIDE_1.16.1/STM32CubeIDE/plugins/com.st.stm32cube.ide.mcu.externaltools.gnu-tools-for-stm32.12.3.rel1.win32_1.0.200.202406191623/tools/bin/../lib/gcc/arm-none-eabi/12.3.1/../../../../arm-none-eabi/lib/thumb/v6-m/nofp\libm.a
END GROUP
START GROUP
LOAD C:/ST/STM32CubeIDE_1.16.1/STM32CubeIDE/plugins/com.st.stm32cube.ide.mcu.externaltools.gnu-tools-for-stm32.12.3.rel1.win32_1.0.200.202406191623/tools/bin/../lib/gcc/arm-none-eabi/12.3.1/thumb/v6-m/nofp\libgcc.a
LOAD C:/ST/STM32CubeIDE_1.16.1/STM32CubeIDE/plugins/com.st.stm32cube.ide.mcu.externaltools.gnu-tools-for-stm32.12.3.rel1.win32_1.0.200.202406191623/tools/bin/../lib/gcc/arm-none-eabi/12.3.1/../../../../arm-none-eabi/lib/thumb/v6-m/nofp\libc_nano.a
END GROUP
START GROUP
LOAD C:/ST/STM32CubeIDE_1.16.1/STM32CubeIDE/plugins/com.st.stm32cube.ide.mcu.externaltools.gnu-tools-for-stm32.12.3.rel1.win32_1.0.200.202406191623/tools/bin/../lib/gcc/arm-none-eabi/12.3.1/thumb/v6-m/nofp\libgcc.a
LOAD C:/ST/STM32CubeIDE_1.16.1/STM32CubeIDE/plugins/com.st.stm32cube.ide.mcu.externaltools.gnu-tools-for-stm32.12.3.rel1.win32_1.0.200.202406191623/tools/bin/../lib/gcc/arm-none-eabi/12.3.1/../../../../arm-none-eabi/lib/thumb/v6-m/nofp\libc_nano.a
LOAD C:/ST/STM32CubeIDE_1.16.1/STM32CubeIDE/plugins/com.st.stm32cube.ide.mcu.externaltools.gnu-tools-for-stm32.12.3.rel1.win32_1.0.200.202406191623/tools/bin/../lib/gcc/arm-none-eabi/12.3.1/../../../../arm-none-eabi/lib/thumb/v6-m/nofp\libnosys.a
END GROUP
START GROUP
LOAD C:/ST/STM32CubeIDE_1.16.1/STM32CubeIDE/plugins/com.st.stm32cube.ide.mcu.externaltools.gnu-tools-for-stm32.12.3.rel1.win32_1.0.200.202406191623/tools/bin/../lib/gcc/arm-none-eabi/12.3.1/thumb/v6-m/nofp\libgcc.a
LOAD C:/ST/STM32CubeIDE_1.16.1/STM32CubeIDE/plugins/com.st.stm32cube.ide.mcu.externaltools.gnu-tools-for-stm32.12.3.rel1.win32_1.0.200.202406191623/tools/bin/../lib/gcc/arm-none-eabi/12.3.1/../../../../arm-none-eabi/lib/thumb/v6-m/nofp\libc_nano.a
LOAD C:/ST/STM32CubeIDE_1.16.1/STM32CubeIDE/plugins/com.st.stm32cube.ide.mcu.externaltools.gnu-tools-for-stm32.12.3.rel1.win32_1.0.200.202406191623/tools/bin/../lib/gcc/arm-none-eabi/12.3.1/../../../../arm-none-eabi/lib/thumb/v6-m/nofp\libnosys.a
END GROUP
LOAD C:/ST/STM32CubeIDE_1.16.1/STM32CubeIDE/plugins/com.st.stm32cube.ide.mcu.externaltools.gnu-tools-for-stm32.12.3.rel1.win32_1.0.200.202406191623/tools/bin/../lib/gcc/arm-none-eabi/12.3.1/thumb/v6-m/nofp/crtend.o
LOAD C:/ST/STM32CubeIDE_1.16.1/STM32CubeIDE/plugins/com.st.stm32cube.ide.mcu.externaltools.gnu-tools-for-stm32.12.3.rel1.win32_1.0.200.202406191623/tools/bin/../lib/gcc/arm-none-eabi/12.3.1/thumb/v6-m/nofp/crtn.o
                0x20002000                        _estack = (ORIGIN (RAM) + LENGTH (RAM))
                0x00000200                        _Min_Heap_Size = 0x200
                0x00000400                        _Min_Stack_Size = 0x400

.isr_vector     0x08000000       0xc0
                0x08000000                        . = ALIGN (0x4)
 *(.isr_vector)
 .isr_vector    0x08000000       0xc0 ./Startup/startup_stm32l053r8tx.o
                0x08000000                g_pfnVectors
                0x080000c0                        . = ALIGN (0x4)

.text           0x080000c0     0x1aa4
                0x080000c0                        . = ALIGN (0x4)
 *(.text)
 .text          0x080000c0       0x48 C:/ST/STM32CubeIDE_1.16.1/STM32CubeIDE/plugins/com.st.stm32cube.ide.mcu.externaltools.gnu-tools-for-stm32.12.3.rel1.win32_1.0.200.202406191623/tools/bin/../lib/gcc/arm-none-eabi/12.3.1/thumb/v6-m/nofp/crtbegin.o
 .text          0x08000108      0x1d4 C:/ST/STM32CubeIDE_1.16.1/STM32CubeIDE/plugins/com.st.stm32cube.ide.mcu.externaltools.gnu-tools-for-stm32.12.3.rel1.win32_1.0.200.202406191623/tools/bin/../lib/gcc/arm-none-eabi/12.3.1/thumb/v6-m/nofp\libgcc.a(_divsi3.o)
                0x08000108                __divsi3
                0x08000108                __aeabi_idiv
                0x080002d4                __aeabi_idivmod
 .text          0x080002dc        0x4 C:/ST/STM32CubeIDE_1.16.1/STM32CubeIDE/plugins/com.st.stm32cube.ide.mcu.externaltools.gnu-tools-for-stm32.12.3.rel1.win32_1.0.200.202406191623/tools/bin/../lib/gcc/arm-none-eabi/12.3.1/thumb/v6-m/nofp\libgcc.a(_dvmd_tls.o)
                0x080002dc                __aeabi_idiv0
                0x080002dc                __aeabi_ldiv0
 *(.text*)
 .text.input_reset
                0x080002e0       0x44 ./Src/cajero.o
                0x080002e0                input_reset
 .text.input_to_amount
                0x08000324       0x5c ./Src/cajero.o
                0x08000324                input_to_amount
 .text.find_account
                0x08000380       0x60 ./Src/cajero.o
                0x08000380                find_account
 .text.amount_to_str
                0x080003e0      0x186 ./Src/cajero.o
                0x080003e0                amount_to_str
 *fill*         0x08000566        0x2 
 .text.show_welcome
                0x08000568       0x28 ./Src/cajero.o
 .text.show_enter_acct
                0x08000590       0xbc ./Src/cajero.o
 .text.show_menu
                0x0800064c       0x40 ./Src/cajero.o
 .text.show_enter_amount
                0x0800068c       0xcc ./Src/cajero.o
 .text.show_result
                0x08000758       0x30 ./Src/cajero.o
 .text.cajero_init
                0x08000788       0x3c ./Src/cajero.o
                0x08000788                cajero_init
 .text.start_enter_acct
                0x080007c4       0x1c ./Src/cajero.o
 .text.go_to_menu
                0x080007e0       0x28 ./Src/cajero.o
 .text.logout   0x08000808       0x3c ./Src/cajero.o
 .text.cajero_handle_key
                0x08000844      0x5a0 ./Src/cajero.o
                0x08000844                cajero_handle_key
 .text.cajero_btn_saldo
                0x08000de4       0x9c ./Src/cajero.o
                0x08000de4                cajero_btn_saldo
 .text.cajero_btn_deposit
                0x08000e80       0x3c ./Src/cajero.o
                0x08000e80                cajero_btn_deposit
 .text.cajero_btn_retiro
                0x08000ebc       0x3c ./Src/cajero.o
                0x08000ebc                cajero_btn_retiro
 .text.cajero_tick_1s
                0x08000ef8       0x54 ./Src/cajero.o
                0x08000ef8                cajero_tick_1s
 .text.kp_cols_all_high
                0x08000f4c       0x78 ./Src/keypad.o
                0x08000f4c                kp_cols_all_high
 .text.keypad_getkey
                0x08000fc4       0x2c ./Src/keypad.o
                0x08000fc4                keypad_getkey
 .text.keypad_tick
                0x08000ff0      0x150 ./Src/keypad.o
                0x08000ff0                keypad_tick
 .text.keypad_init
                0x08001140       0x4c ./Src/keypad.o
                0x08001140                keypad_init
 .text.lcd_set_rs
                0x0800118c       0x30 ./Src/lcd.o
 .text.lcd_set_en
                0x080011bc       0x30 ./Src/lcd.o
 .text.lcd_pulse_en
                0x080011ec       0x5c ./Src/lcd.o
 .text.lcd_write_nibble
                0x08001248       0x84 ./Src/lcd.o
 .text.lcd_send
                0x080012cc       0x90 ./Src/lcd.o
 .text.lcd_cmd  0x0800135c       0x20 ./Src/lcd.o
                0x0800135c                lcd_cmd
 .text.lcd_data
                0x0800137c       0x20 ./Src/lcd.o
                0x0800137c                lcd_data
 .text.lcd_set_cursor
                0x0800139c       0x44 ./Src/lcd.o
                0x0800139c                lcd_set_cursor
 .text.lcd_print_line
                0x080013e0       0x80 ./Src/lcd.o
                0x080013e0                lcd_print_line
 .text.lcd_init
                0x08001460       0x7c ./Src/lcd.o
                0x08001460                lcd_init
 .text.NVIC_EnableIRQ
                0x080014dc       0x2c ./Src/main.o
 .text.main     0x08001508      0x20c ./Src/main.o
                0x08001508                main
 .text.TIM2_IRQHandler
                0x08001714       0xc8 ./Src/main.o
                0x08001714                TIM2_IRQHandler
 .text.SysTick_Handler
                0x080017dc        0xe ./Src/main.o
                0x080017dc                SysTick_Handler
 *fill*         0x080017ea        0x2 
 .text.EXTI4_15_IRQHandler
                0x080017ec       0xb4 ./Src/main.o
                0x080017ec                EXTI4_15_IRQHandler
 .text.delayMs  0x080018a0       0x58 ./Src/main.o
                0x080018a0                delayMs
 .text.uart_init
                0x080018f8       0x7c ./Src/uart.o
                0x080018f8                uart_init
 .text.uart_send_char
                0x08001974       0x2c ./Src/uart.o
                0x08001974                uart_send_char
 .text.uart_send_str
                0x080019a0       0x2a ./Src/uart.o
                0x080019a0                uart_send_str
 .text.uart_send_amount
                0x080019ca       0xc4 ./Src/uart.o
                0x080019ca                uart_send_amount
 *fill*         0x08001a8e        0x2 
 .text.Reset_Handler
                0x08001a90       0x50 ./Startup/startup_stm32l053r8tx.o
                0x08001a90                Reset_Handler
 .text.Default_Handler
                0x08001ae0        0x2 ./Startup/startup_stm32l053r8tx.o
                0x08001ae0                TSC_IRQHandler
                0x08001ae0                HardFault_Handler
                0x08001ae0                PVD_IRQHandler
                0x08001ae0                PendSV_Handler
                0x08001ae0                NMI_Handler
                0x08001ae0                I2C1_IRQHandler
                0x08001ae0                USART4_USART5_IRQHandler
                0x08001ae0                SPI1_IRQHandler
                0x08001ae0                TIM6_DAC_IRQHandler
                0x08001ae0                EXTI2_3_IRQHandler
                0x08001ae0                I2C2_IRQHandler
                0x08001ae0                RTC_IRQHandler
                0x08001ae0                LCD_IRQHandler
                0x08001ae0                TIM3_IRQHandler
                0x08001ae0                RCC_IRQHandler
                0x08001ae0                DMA1_Channel1_IRQHandler
                0x08001ae0                Default_Handler
                0x08001ae0                TIM22_IRQHandler
                0x08001ae0                TIM7_IRQHandler
                0x08001ae0                EXTI0_1_IRQHandler
                0x08001ae0                USB_IRQHandler
                0x08001ae0                I2C3_IRQHandler
                0x08001ae0                SPI2_IRQHandler
                0x08001ae0                SVC_Handler
                0x08001ae0                TIM21_IRQHandler
                0x08001ae0                WWDG_IRQHandler
                0x08001ae0                DMA1_Channel2_3_IRQHandler
                0x08001ae0                ADC_COMP_IRQHandler
                0x08001ae0                USART2_IRQHandler
                0x08001ae0                DMA1_Channel4_7_IRQHandler
                0x08001ae0                USART1_IRQHandler
                0x08001ae0                LPTIM1_IRQHandler
 .text.strncmp  0x08001ae2       0x22 C:/ST/STM32CubeIDE_1.16.1/STM32CubeIDE/plugins/com.st.stm32cube.ide.mcu.externaltools.gnu-tools-for-stm32.12.3.rel1.win32_1.0.200.202406191623/tools/bin/../lib/gcc/arm-none-eabi/12.3.1/../../../../arm-none-eabi/lib/thumb/v6-m/nofp\libc_nano.a(libc_a-strncmp.o)
                0x08001ae2                strncmp
 .text.__libc_init_array
                0x08001b04       0x48 C:/ST/STM32CubeIDE_1.16.1/STM32CubeIDE/plugins/com.st.stm32cube.ide.mcu.externaltools.gnu-tools-for-stm32.12.3.rel1.win32_1.0.200.202406191623/tools/bin/../lib/gcc/arm-none-eabi/12.3.1/../../../../arm-none-eabi/lib/thumb/v6-m/nofp\libc_nano.a(libc_a-init.o)
                0x08001b04                __libc_init_array
 *(.glue_7)
 .glue_7        0x08001b4c        0x0 linker stubs
 *(.glue_7t)
 .glue_7t       0x08001b4c        0x0 linker stubs
 *(.eh_frame)
 .eh_frame      0x08001b4c        0x0 C:/ST/STM32CubeIDE_1.16.1/STM32CubeIDE/plugins/com.st.stm32cube.ide.mcu.externaltools.gnu-tools-for-stm32.12.3.rel1.win32_1.0.200.202406191623/tools/bin/../lib/gcc/arm-none-eabi/12.3.1/thumb/v6-m/nofp/crtbegin.o
 *(.init)
 .init          0x08001b4c        0x4 C:/ST/STM32CubeIDE_1.16.1/STM32CubeIDE/plugins/com.st.stm32cube.ide.mcu.externaltools.gnu-tools-for-stm32.12.3.rel1.win32_1.0.200.202406191623/tools/bin/../lib/gcc/arm-none-eabi/12.3.1/thumb/v6-m/nofp/crti.o
                0x08001b4c                _init
 .init          0x08001b50        0x8 C:/ST/STM32CubeIDE_1.16.1/STM32CubeIDE/plugins/com.st.stm32cube.ide.mcu.externaltools.gnu-tools-for-stm32.12.3.rel1.win32_1.0.200.202406191623/tools/bin/../lib/gcc/arm-none-eabi/12.3.1/thumb/v6-m/nofp/crtn.o
 *(.fini)
 .fini          0x08001b58        0x4 C:/ST/STM32CubeIDE_1.16.1/STM32CubeIDE/plugins/com.st.stm32cube.ide.mcu.externaltools.gnu-tools-for-stm32.12.3.rel1.win32_1.0.200.202406191623/tools/bin/../lib/gcc/arm-none-eabi/12.3.1/thumb/v6-m/nofp/crti.o
                0x08001b58                _fini
 .fini          0x08001b5c        0x8 C:/ST/STM32CubeIDE_1.16.1/STM32CubeIDE/plugins/com.st.stm32cube.ide.mcu.externaltools.gnu-tools-for-stm32.12.3.rel1.win32_1.0.200.202406191623/tools/bin/../lib/gcc/arm-none-eabi/12.3.1/thumb/v6-m/nofp/crtn.o
                0x08001b64                        . = ALIGN (0x4)
                0x08001b64                        _etext = .

.vfp11_veneer   0x08001b64        0x0
 .vfp11_veneer  0x08001b64        0x0 linker stubs

.v4_bx          0x08001b64        0x0
 .v4_bx         0x08001b64        0x0 linker stubs

.iplt           0x08001b64        0x0
 .iplt          0x08001b64        0x0 C:/ST/STM32CubeIDE_1.16.1/STM32CubeIDE/plugins/com.st.stm32cube.ide.mcu.externaltools.gnu-tools-for-stm32.12.3.rel1.win32_1.0.200.202406191623/tools/bin/../lib/gcc/arm-none-eabi/12.3.1/thumb/v6-m/nofp/crtbegin.o

.rodata         0x08001b64      0x19c
                0x08001b64                        . = ALIGN (0x4)
 *(.rodata)
 .rodata        0x08001b64      0x14d ./Src/cajero.o
 *fill*         0x08001cb1        0x3 
 .rodata        0x08001cb4       0x22 ./Src/main.o
 *(.rodata*)
 *fill*         0x08001cd6        0x2 
 .rodata.cajero_handle_key
                0x08001cd8       0x18 ./Src/cajero.o
 .rodata.KP_MAP
                0x08001cf0       0x10 ./Src/keypad.o
                0x08001d00                        . = ALIGN (0x4)

.ARM.extab      0x08001d00        0x0
                0x08001d00                        . = ALIGN (0x4)
 *(.ARM.extab* .gnu.linkonce.armextab.*)
                0x08001d00                        . = ALIGN (0x4)

.ARM            0x08001d00        0x0
                0x08001d00                        . = ALIGN (0x4)
                0x08001d00                        __exidx_start = .
 *(.ARM.exidx*)
                0x08001d00                        __exidx_end = .
                0x08001d00                        . = ALIGN (0x4)

.preinit_array  0x08001d00        0x0
                0x08001d00                        . = ALIGN (0x4)
                0x08001d00                        PROVIDE (__preinit_array_start = .)
 *(.preinit_array*)
                0x08001d00                        PROVIDE (__preinit_array_end = .)
                0x08001d00                        . = ALIGN (0x4)

.init_array     0x08001d00        0x4
                0x08001d00                        . = ALIGN (0x4)
                0x08001d00                        PROVIDE (__init_array_start = .)
 *(SORT_BY_NAME(.init_array.*))
 *(.init_array*)
 .init_array    0x08001d00        0x4 C:/ST/STM32CubeIDE_1.16.1/STM32CubeIDE/plugins/com.st.stm32cube.ide.mcu.externaltools.gnu-tools-for-stm32.12.3.rel1.win32_1.0.200.202406191623/tools/bin/../lib/gcc/arm-none-eabi/12.3.1/thumb/v6-m/nofp/crtbegin.o
                0x08001d04                        PROVIDE (__init_array_end = .)
                0x08001d04                        . = ALIGN (0x4)

.fini_array     0x08001d04        0x4
                0x08001d04                        . = ALIGN (0x4)
                [!provide]                        PROVIDE (__fini_array_start = .)
 *(SORT_BY_NAME(.fini_array.*))
 *(.fini_array*)
 .fini_array    0x08001d04        0x4 C:/ST/STM32CubeIDE_1.16.1/STM32CubeIDE/plugins/com.st.stm32cube.ide.mcu.externaltools.gnu-tools-for-stm32.12.3.rel1.win32_1.0.200.202406191623/tools/bin/../lib/gcc/arm-none-eabi/12.3.1/thumb/v6-m/nofp/crtbegin.o
                [!provide]                        PROVIDE (__fini_array_end = .)
                0x08001d08                        . = ALIGN (0x4)
                0x08001d08                        _sidata = LOADADDR (.data)

.rel.dyn        0x08001d08        0x0
 .rel.iplt      0x08001d08        0x0 C:/ST/STM32CubeIDE_1.16.1/STM32CubeIDE/plugins/com.st.stm32cube.ide.mcu.externaltools.gnu-tools-for-stm32.12.3.rel1.win32_1.0.200.202406191623/tools/bin/../lib/gcc/arm-none-eabi/12.3.1/thumb/v6-m/nofp/crtbegin.o

.data           0x20000000       0x74 load address 0x08001d08
                0x20000000                        . = ALIGN (0x4)
                0x20000000                        _sdata = .
 *(.data)
 *(.data*)
 .data.accounts
                0x20000000       0x70 ./Src/cajero.o
                0x20000000                accounts
 .data.logged_account
                0x20000070        0x1 ./Src/cajero.o
                0x20000070                logged_account
 .data.kp_key   0x20000071        0x1 ./Src/keypad.o
                0x20000071                kp_key
 *(.RamFunc)
 *(.RamFunc*)
                0x20000074                        . = ALIGN (0x4)
 *fill*         0x20000072        0x2 
                0x20000074                        _edata = .

.igot.plt       0x20000074        0x0 load address 0x08001d7c
 .igot.plt      0x20000074        0x0 C:/ST/STM32CubeIDE_1.16.1/STM32CubeIDE/plugins/com.st.stm32cube.ide.mcu.externaltools.gnu-tools-for-stm32.12.3.rel1.win32_1.0.200.202406191623/tools/bin/../lib/gcc/arm-none-eabi/12.3.1/thumb/v6-m/nofp/crtbegin.o
                0x20000074                        . = ALIGN (0x4)

.bss            0x20000074       0x34 load address 0x08001d7c
                0x20000074                        _sbss = .
                0x20000074                        __bss_start__ = _sbss
 *(.bss)
 .bss           0x20000074       0x1c C:/ST/STM32CubeIDE_1.16.1/STM32CubeIDE/plugins/com.st.stm32cube.ide.mcu.externaltools.gnu-tools-for-stm32.12.3.rel1.win32_1.0.200.202406191623/tools/bin/../lib/gcc/arm-none-eabi/12.3.1/thumb/v6-m/nofp/crtbegin.o
 *(.bss*)
 .bss.cajero_state
                0x20000090        0x1 ./Src/cajero.o
                0x20000090                cajero_state
 .bss.cajero_op
                0x20000091        0x1 ./Src/cajero.o
                0x20000091                cajero_op
 *fill*         0x20000092        0x2 
 .bss.input_digits
                0x20000094        0x8 ./Src/cajero.o
                0x20000094                input_digits
 .bss.input_len
                0x2000009c        0x1 ./Src/cajero.o
                0x2000009c                input_len
 .bss.result_timer
                0x2000009d        0x1 ./Src/cajero.o
                0x2000009d                result_timer
 .bss.kp_row_seq
                0x2000009e        0x1 ./Src/keypad.o
                0x2000009e                kp_row_seq
 .bss.kp_lock   0x2000009f        0x1 ./Src/keypad.o
                0x2000009f                kp_lock
 .bss.kp_row_active
                0x200000a0        0x1 ./Src/keypad.o
                0x200000a0                kp_row_active
 .bss.kp_pressed
                0x200000a1        0x1 ./Src/keypad.o
                0x200000a1                kp_pressed
 .bss.debounce_saldo
                0x200000a2        0x1 ./Src/main.o
                0x200000a2                debounce_saldo
 .bss.debounce_dep
                0x200000a3        0x1 ./Src/main.o
                0x200000a3                debounce_dep
 .bss.debounce_ret
                0x200000a4        0x1 ./Src/main.o
                0x200000a4                debounce_ret
 .bss.key_div.0
                0x200000a5        0x1 ./Src/main.o
 *(COMMON)
                0x200000a8                        . = ALIGN (0x4)
 *fill*         0x200000a6        0x2 
                0x200000a8                        _ebss = .
                0x200000a8                        __bss_end__ = _ebss

._user_heap_stack
                0x200000a8      0x600 load address 0x08001d7c
                0x200000a8                        . = ALIGN (0x8)
                [!provide]                        PROVIDE (end = .)
                0x200000a8                        PROVIDE (_end = .)
                0x200002a8                        . = (. + _Min_Heap_Size)
 *fill*         0x200000a8      0x200 
                0x200006a8                        . = (. + _Min_Stack_Size)
 *fill*         0x200002a8      0x400 
                0x200006a8                        . = ALIGN (0x8)

/DISCARD/
 libc.a(*)
 libm.a(*)
 libgcc.a(*)

.ARM.attributes
                0x00000000       0x28
 *(.ARM.attributes)
 .ARM.attributes
                0x00000000       0x1e C:/ST/STM32CubeIDE_1.16.1/STM32CubeIDE/plugins/com.st.stm32cube.ide.mcu.externaltools.gnu-tools-for-stm32.12.3.rel1.win32_1.0.200.202406191623/tools/bin/../lib/gcc/arm-none-eabi/12.3.1/thumb/v6-m/nofp/crti.o
 .ARM.attributes
                0x0000001e       0x2c C:/ST/STM32CubeIDE_1.16.1/STM32CubeIDE/plugins/com.st.stm32cube.ide.mcu.externaltools.gnu-tools-for-stm32.12.3.rel1.win32_1.0.200.202406191623/tools/bin/../lib/gcc/arm-none-eabi/12.3.1/thumb/v6-m/nofp/crtbegin.o
 .ARM.attributes
                0x0000004a       0x2c ./Src/cajero.o
 .ARM.attributes
                0x00000076       0x2c ./Src/keypad.o
 .ARM.attributes
                0x000000a2       0x2c ./Src/lcd.o
 .ARM.attributes
                0x000000ce       0x2c ./Src/main.o
 .ARM.attributes
                0x000000fa       0x2c ./Src/uart.o
 .ARM.attributes
                0x00000126       0x22 ./Startup/startup_stm32l053r8tx.o
 .ARM.attributes
                0x00000148       0x2c C:/ST/STM32CubeIDE_1.16.1/STM32CubeIDE/plugins/com.st.stm32cube.ide.mcu.externaltools.gnu-tools-for-stm32.12.3.rel1.win32_1.0.200.202406191623/tools/bin/../lib/gcc/arm-none-eabi/12.3.1/../../../../arm-none-eabi/lib/thumb/v6-m/nofp\libc_nano.a(libc_a-strncmp.o)
 .ARM.attributes
                0x00000174       0x2c C:/ST/STM32CubeIDE_1.16.1/STM32CubeIDE/plugins/com.st.stm32cube.ide.mcu.externaltools.gnu-tools-for-stm32.12.3.rel1.win32_1.0.200.202406191623/tools/bin/../lib/gcc/arm-none-eabi/12.3.1/../../../../arm-none-eabi/lib/thumb/v6-m/nofp\libc_nano.a(libc_a-init.o)
 .ARM.attributes
                0x000001a0       0x1e C:/ST/STM32CubeIDE_1.16.1/STM32CubeIDE/plugins/com.st.stm32cube.ide.mcu.externaltools.gnu-tools-for-stm32.12.3.rel1.win32_1.0.200.202406191623/tools/bin/../lib/gcc/arm-none-eabi/12.3.1/thumb/v6-m/nofp\libgcc.a(_divsi3.o)
 .ARM.attributes
                0x000001be       0x1e C:/ST/STM32CubeIDE_1.16.1/STM32CubeIDE/plugins/com.st.stm32cube.ide.mcu.externaltools.gnu-tools-for-stm32.12.3.rel1.win32_1.0.200.202406191623/tools/bin/../lib/gcc/arm-none-eabi/12.3.1/thumb/v6-m/nofp\libgcc.a(_dvmd_tls.o)
 .ARM.attributes
                0x000001dc       0x1e C:/ST/STM32CubeIDE_1.16.1/STM32CubeIDE/plugins/com.st.stm32cube.ide.mcu.externaltools.gnu-tools-for-stm32.12.3.rel1.win32_1.0.200.202406191623/tools/bin/../lib/gcc/arm-none-eabi/12.3.1/thumb/v6-m/nofp/crtn.o
OUTPUT(CajeroFinal.elf elf32-littlearm)
LOAD linker stubs
LOAD C:/ST/STM32CubeIDE_1.16.1/STM32CubeIDE/plugins/com.st.stm32cube.ide.mcu.externaltools.gnu-tools-for-stm32.12.3.rel1.win32_1.0.200.202406191623/tools/bin/../lib/gcc/arm-none-eabi/12.3.1/../../../../arm-none-eabi/lib/thumb/v6-m/nofp\libc.a
LOAD C:/ST/STM32CubeIDE_1.16.1/STM32CubeIDE/plugins/com.st.stm32cube.ide.mcu.externaltools.gnu-tools-for-stm32.12.3.rel1.win32_1.0.200.202406191623/tools/bin/../lib/gcc/arm-none-eabi/12.3.1/../../../../arm-none-eabi/lib/thumb/v6-m/nofp\libm.a
LOAD C:/ST/STM32CubeIDE_1.16.1/STM32CubeIDE/plugins/com.st.stm32cube.ide.mcu.externaltools.gnu-tools-for-stm32.12.3.rel1.win32_1.0.200.202406191623/tools/bin/../lib/gcc/arm-none-eabi/12.3.1/thumb/v6-m/nofp\libgcc.a

.debug_info     0x00000000     0x1a2d
 .debug_info    0x00000000      0x6cc ./Src/cajero.o
 .debug_info    0x000006cc      0x2b4 ./Src/keypad.o
 .debug_info    0x00000980      0x39b ./Src/lcd.o
 .debug_info    0x00000d1b      0x8ee ./Src/main.o
 .debug_info    0x00001609      0x3f4 ./Src/uart.o
 .debug_info    0x000019fd       0x30 ./Startup/startup_stm32l053r8tx.o

.debug_abbrev   0x00000000      0x94d
 .debug_abbrev  0x00000000      0x269 ./Src/cajero.o
 .debug_abbrev  0x00000269      0x15c ./Src/keypad.o
 .debug_abbrev  0x000003c5      0x1a2 ./Src/lcd.o
 .debug_abbrev  0x00000567      0x288 ./Src/main.o
 .debug_abbrev  0x000007ef      0x13a ./Src/uart.o
 .debug_abbrev  0x00000929       0x24 ./Startup/startup_stm32l053r8tx.o

.debug_aranges  0x00000000      0x200
 .debug_aranges
                0x00000000       0xa8 ./Src/cajero.o
 .debug_aranges
                0x000000a8       0x38 ./Src/keypad.o
 .debug_aranges
                0x000000e0       0x78 ./Src/lcd.o
 .debug_aranges
                0x00000158       0x48 ./Src/main.o
 .debug_aranges
                0x000001a0       0x38 ./Src/uart.o
 .debug_aranges
                0x000001d8       0x28 ./Startup/startup_stm32l053r8tx.o

.debug_rnglists
                0x00000000      0x18d
 .debug_rnglists
                0x00000000       0x8d ./Src/cajero.o
 .debug_rnglists
                0x0000008d       0x26 ./Src/keypad.o
 .debug_rnglists
                0x000000b3       0x58 ./Src/lcd.o
 .debug_rnglists
                0x0000010b       0x43 ./Src/main.o
 .debug_rnglists
                0x0000014e       0x26 ./Src/uart.o
 .debug_rnglists
                0x00000174       0x19 ./Startup/startup_stm32l053r8tx.o

.debug_macro    0x00000000     0xc123
 .debug_macro   0x00000000      0x1a3 ./Src/cajero.o
 .debug_macro   0x000001a3      0xa96 ./Src/cajero.o
 .debug_macro   0x00000c39       0x22 ./Src/cajero.o
 .debug_macro   0x00000c5b       0x8e ./Src/cajero.o
 .debug_macro   0x00000ce9       0x51 ./Src/cajero.o
 .debug_macro   0x00000d3a      0x103 ./Src/cajero.o
 .debug_macro   0x00000e3d       0x6a ./Src/cajero.o
 .debug_macro   0x00000ea7      0x1df ./Src/cajero.o
 .debug_macro   0x00001086       0x10 ./Src/cajero.o
 .debug_macro   0x00001096       0x28 ./Src/cajero.o
 .debug_macro   0x000010be       0x3b ./Src/cajero.o
 .debug_macro   0x000010f9       0x26 ./Src/cajero.o
 .debug_macro   0x0000111f      0x44f ./Src/cajero.o
 .debug_macro   0x0000156e     0x9d22 ./Src/cajero.o
 .debug_macro   0x0000b290       0x52 ./Src/cajero.o
 .debug_macro   0x0000b2e2       0x61 ./Src/cajero.o
 .debug_macro   0x0000b343       0x24 ./Src/cajero.o
 .debug_macro   0x0000b367       0x43 ./Src/cajero.o
 .debug_macro   0x0000b3aa       0x34 ./Src/cajero.o
 .debug_macro   0x0000b3de      0x189 ./Src/cajero.o
 .debug_macro   0x0000b567       0x16 ./Src/cajero.o
 .debug_macro   0x0000b57d       0x43 ./Src/cajero.o
 .debug_macro   0x0000b5c0       0x34 ./Src/cajero.o
 .debug_macro   0x0000b5f4       0x10 ./Src/cajero.o
 .debug_macro   0x0000b604       0x58 ./Src/cajero.o
 .debug_macro   0x0000b65c       0x8e ./Src/cajero.o
 .debug_macro   0x0000b6ea       0x1c ./Src/cajero.o
 .debug_macro   0x0000b706      0x177 ./Src/cajero.o
 .debug_macro   0x0000b87d      0x369 ./Src/cajero.o
 .debug_macro   0x0000bbe6       0x10 ./Src/cajero.o
 .debug_macro   0x0000bbf6       0x35 ./Src/cajero.o
 .debug_macro   0x0000bc2b       0x20 ./Src/cajero.o
 .debug_macro   0x0000bc4b       0xb7 ./Src/keypad.o
 .debug_macro   0x0000bd02       0x52 ./Src/keypad.o
 .debug_macro   0x0000bd54       0xb7 ./Src/lcd.o
 .debug_macro   0x0000be0b       0xcd ./Src/main.o
 .debug_macro   0x0000bed8       0x58 ./Src/main.o
 .debug_macro   0x0000bf30       0x58 ./Src/main.o
 .debug_macro   0x0000bf88       0x16 ./Src/main.o
 .debug_macro   0x0000bf9e      0x185 ./Src/uart.o

.debug_line     0x00000000     0x2889
 .debug_line    0x00000000      0xcf2 ./Src/cajero.o
 .debug_line    0x00000cf2      0x5c1 ./Src/keypad.o
 .debug_line    0x000012b3      0x706 ./Src/lcd.o
 .debug_line    0x000019b9      0x75e ./Src/main.o
 .debug_line    0x00002117      0x6f7 ./Src/uart.o
 .debug_line    0x0000280e       0x7b ./Startup/startup_stm32l053r8tx.o

.debug_str      0x00000000    0x3f6ea
 .debug_str     0x00000000    0x3f044 ./Src/cajero.o
                              0x3f2c2 (size before relaxing)
 .debug_str     0x0003f044      0x1ef ./Src/keypad.o
                              0x3bbde (size before relaxing)
 .debug_str     0x0003f233       0xa5 ./Src/lcd.o
                              0x3bc2e (size before relaxing)
 .debug_str     0x0003f2d8      0x39e ./Src/main.o
                              0x3c192 (size before relaxing)
 .debug_str     0x0003f676       0x35 ./Src/uart.o
                              0x3f00a (size before relaxing)
 .debug_str     0x0003f6ab       0x3f ./Startup/startup_stm32l053r8tx.o
                                 0x7e (size before relaxing)

.comment        0x00000000       0x43
 .comment       0x00000000       0x43 ./Src/cajero.o
                                 0x44 (size before relaxing)
 .comment       0x00000043       0x44 ./Src/keypad.o
 .comment       0x00000043       0x44 ./Src/lcd.o
 .comment       0x00000043       0x44 ./Src/main.o
 .comment       0x00000043       0x44 ./Src/uart.o

.debug_frame    0x00000000      0x608
 .debug_frame   0x00000000      0x230 ./Src/cajero.o
 .debug_frame   0x00000230       0x88 ./Src/keypad.o
 .debug_frame   0x000002b8      0x188 ./Src/lcd.o
 .debug_frame   0x00000440       0xc4 ./Src/main.o
 .debug_frame   0x00000504       0x8c ./Src/uart.o
 .debug_frame   0x00000590       0x2c C:/ST/STM32CubeIDE_1.16.1/STM32CubeIDE/plugins/com.st.stm32cube.ide.mcu.externaltools.gnu-tools-for-stm32.12.3.rel1.win32_1.0.200.202406191623/tools/bin/../lib/gcc/arm-none-eabi/12.3.1/../../../../arm-none-eabi/lib/thumb/v6-m/nofp\libc_nano.a(libc_a-strncmp.o)
 .debug_frame   0x000005bc       0x2c C:/ST/STM32CubeIDE_1.16.1/STM32CubeIDE/plugins/com.st.stm32cube.ide.mcu.externaltools.gnu-tools-for-stm32.12.3.rel1.win32_1.0.200.202406191623/tools/bin/../lib/gcc/arm-none-eabi/12.3.1/../../../../arm-none-eabi/lib/thumb/v6-m/nofp\libc_nano.a(libc_a-init.o)
 .debug_frame   0x000005e8       0x20 C:/ST/STM32CubeIDE_1.16.1/STM32CubeIDE/plugins/com.st.stm32cube.ide.mcu.externaltools.gnu-tools-for-stm32.12.3.rel1.win32_1.0.200.202406191623/tools/bin/../lib/gcc/arm-none-eabi/12.3.1/thumb/v6-m/nofp\libgcc.a(_divsi3.o)

.debug_line_str
                0x00000000       0x62
 .debug_line_str
                0x00000000       0x62 ./Startup/startup_stm32l053r8tx.o
